// Jest Snapshot v1, https://goo.gl/fbAQLP

exports[`Delete Modal matches snapshot 1`] = `
<DeleteModal
  onCancel={[MockFunction]}
  onDelete={[MockFunction]}
  template={
    GradingTemplate {
      "auto_grading_feedback_on": true,
      "completion_weight": 0.59,
      "correctness_weight": 0.04,
      "default_close_date_offset_days": 1,
      "default_due_date_offset_days": 1,
      "default_due_time": "17:00",
      "default_open_time": "07:00",
      "deleted_at": undefined,
      "has_open_task_plans": undefined,
      "id": 1,
      "late_work_penalty": 0.1,
      "late_work_penalty_applied": "immediately",
      "manual_grading_feedback_on": "publish",
      "map": undefined,
      "name": "Default Reading",
      "task_plan_type": "reading",
    }
  }
/>
`;
