exports[`User login gateway component calls callback when complete 1`] = `
<div
  className="login-gateway is-closed"
  onClick={[Function]}
  role="link">
  <span
    className="message">
    Please log in using your OpenStax account in the window. 
    <a
      data-bypass={true}
      href="test-login?parent=about%3Ablank"
      onClick={[Function]}>
      Click to reopen window.
    </a>
  </span>
</div>
`;
