// Jest Snapshot v1, https://goo.gl/fbAQLP

exports[`Grading Templates creates a store with models 1`] = `
Object {
  "allow_auto_graded_multiple_attempts": false,
  "auto_grading_feedback_on": false,
  "completion_weight": 0.05,
  "correctness_weight": 0.34,
  "default_close_date_offset_days": 1,
  "default_due_date_offset_days": 1,
  "default_due_time": "17:00",
  "default_open_time": "07:00",
  "deleted_at": undefined,
  "has_open_task_plans": false,
  "id": 1,
  "late_work_penalty": 0.1,
  "late_work_penalty_applied": "daily",
  "manual_grading_feedback_on": "grade",
  "name": "Default Homework",
  "shuffle_answer_choices": true,
  "task_plan_type": "homework",
}
`;
