// Jest Snapshot v1, https://goo.gl/fbAQLP

exports[`Reload Button reloads when clicked 1`] = `
"<ReloadPageButton windowImpl={{...}}>
  <AsyncButton className=\\"reload-page\\" isWaiting={false} variant=\\"primary\\" size=\\"small\\" waitingText=\\"Reloadingâ€¦\\" onClick={[Function: onReload] { isMobxAction: true }} isDone={false} isFailed={false} failedState={[Function: RefreshButton] { defaultProps: { beforeText: 'There was a problem loading. ', buttonText: 'Refresh', afterText: ' to try again.' }, displayName: 'RefreshButton', propTypes: { beforeText: [Function: bound checkType] { isRequired: [Function: bound checkType] }, buttonText: [Function: bound checkType] { isRequired: [Function: bound checkType] }, afterText: [Function: bound checkType] { isRequired: [Function: bound checkType] } } }} failedProps={{...}} doneText=\\"\\" isJob={false}>
    <Button size=\\"small\\" variant=\\"primary\\" onClick={[Function: onReload] { isMobxAction: true }} className={{...}} active={false} disabled={false} type=\\"button\\">
      <button onClick={[Function: onReload] { isMobxAction: true }} disabled={false} type=\\"button\\" className=\\"async-button reload-page btn btn-primary btn-small\\">
        Reload Page
      </button>
    </Button>
  </AsyncButton>
</ReloadPageButton>"
`;
