// Jest Snapshot v1, https://goo.gl/fbAQLP

exports[`Stats Screen renders and matches snapshot 1`] = `
<ForwardRef
  path="/"
  withRef={false}
>
  <Stats
    stats={
      Stats {
        "data": Array [
          Object {
            "ends_at": 1571832000000,
            "id": 1,
            "starts_at": 1571227200000,
            "stats": Object {
              "active_courses": 87505,
              "active_populated_courses": 24085,
              "active_students": 39887,
              "exercise_steps": 15112,
              "highlights": 59317,
              "new_enrollments": 76276,
              "new_highlights": 29258,
              "notes": 5764,
              "reading_steps": 69170,
              "task_plans": 4302,
            },
          },
          Object {
            "ends_at": 1571832000000,
            "id": 2,
            "starts_at": 1571227200000,
            "stats": Object {
              "active_courses": 2942,
              "active_populated_courses": 13089,
              "active_students": 10590,
              "exercise_steps": 66662,
              "highlights": 34345,
              "new_enrollments": 24024,
              "new_highlights": 55204,
              "notes": 36786,
              "reading_steps": 51312,
              "task_plans": 87350,
            },
          },
          Object {
            "ends_at": 1571832000000,
            "id": 3,
            "starts_at": 1571227200000,
            "stats": Object {
              "active_courses": 19317,
              "active_populated_courses": 85445,
              "active_students": 55325,
              "exercise_steps": 84650,
              "highlights": 32198,
              "new_enrollments": 81792,
              "new_highlights": 29369,
              "notes": 88480,
              "reading_steps": 66156,
              "task_plans": 46023,
            },
          },
          Object {
            "ends_at": 1571832000000,
            "id": 4,
            "starts_at": 1571227200000,
            "stats": Object {
              "active_courses": 80912,
              "active_populated_courses": 82911,
              "active_students": 17108,
              "exercise_steps": 35426,
              "highlights": 38483,
              "new_enrollments": 41799,
              "new_highlights": 86857,
              "notes": 55948,
              "reading_steps": 31678,
              "task_plans": 67792,
            },
          },
          Object {
            "ends_at": 1571832000000,
            "id": 5,
            "starts_at": 1571227200000,
            "stats": Object {
              "active_courses": 52115,
              "active_populated_courses": 268,
              "active_students": 52153,
              "exercise_steps": 57855,
              "highlights": 33867,
              "new_enrollments": 30919,
              "new_highlights": 58063,
              "notes": 5893,
              "reading_steps": 55237,
              "task_plans": 47845,
            },
          },
          Object {
            "ends_at": 1571832000000,
            "id": 6,
            "starts_at": 1571227200000,
            "stats": Object {
              "active_courses": 34924,
              "active_populated_courses": 52001,
              "active_students": 29248,
              "exercise_steps": 20763,
              "highlights": 98834,
              "new_enrollments": 44905,
              "new_highlights": 54109,
              "notes": 91988,
              "reading_steps": 90534,
              "task_plans": 65534,
            },
          },
          Object {
            "ends_at": 1571832000000,
            "id": 7,
            "starts_at": 1571227200000,
            "stats": Object {
              "active_courses": 56348,
              "active_populated_courses": 80696,
              "active_students": 56435,
              "exercise_steps": 25754,
              "highlights": 90191,
              "new_enrollments": 51761,
              "new_highlights": 71519,
              "notes": 28232,
              "reading_steps": 98363,
              "task_plans": 29587,
            },
          },
          Object {
            "ends_at": 1571832000000,
            "id": 8,
            "starts_at": 1571227200000,
            "stats": Object {
              "active_courses": 87311,
              "active_populated_courses": 86586,
              "active_students": 60069,
              "exercise_steps": 16106,
              "highlights": 39437,
              "new_enrollments": 98747,
              "new_highlights": 16788,
              "notes": 35204,
              "reading_steps": 73107,
              "task_plans": 63277,
            },
          },
          Object {
            "ends_at": 1571832000000,
            "id": 9,
            "starts_at": 1571227200000,
            "stats": Object {
              "active_courses": 6546,
              "active_populated_courses": 45063,
              "active_students": 20454,
              "exercise_steps": 42834,
              "highlights": 98352,
              "new_enrollments": 88694,
              "new_highlights": 535,
              "notes": 34941,
              "reading_steps": 7936,
              "task_plans": 82620,
            },
          },
          Object {
            "ends_at": 1571832000000,
            "id": 10,
            "starts_at": 1571227200000,
            "stats": Object {
              "active_courses": 2755,
              "active_populated_courses": 56900,
              "active_students": 92758,
              "exercise_steps": 29686,
              "highlights": 54776,
              "new_enrollments": 24182,
              "new_highlights": 81733,
              "notes": 91131,
              "reading_steps": 9332,
              "task_plans": 19940,
            },
          },
          Object {
            "ends_at": 1571832000000,
            "id": 11,
            "starts_at": 1571227200000,
            "stats": Object {
              "active_courses": 47387,
              "active_populated_courses": 70869,
              "active_students": 4857,
              "exercise_steps": 74186,
              "highlights": 45741,
              "new_enrollments": 41679,
              "new_highlights": 50942,
              "notes": 5608,
              "reading_steps": 75352,
              "task_plans": 6756,
            },
          },
          Object {
            "ends_at": 1571832000000,
            "id": 12,
            "starts_at": 1571227200000,
            "stats": Object {
              "active_courses": 80738,
              "active_populated_courses": 30646,
              "active_students": 28653,
              "exercise_steps": 78099,
              "highlights": 83924,
              "new_enrollments": 68618,
              "new_highlights": 81103,
              "notes": 25584,
              "reading_steps": 16593,
              "task_plans": 38151,
            },
          },
          Object {
            "ends_at": 1571832000000,
            "id": 13,
            "starts_at": 1571227200000,
            "stats": Object {
              "active_courses": 19017,
              "active_populated_courses": 69631,
              "active_students": 88785,
              "exercise_steps": 66487,
              "highlights": 66526,
              "new_enrollments": 50236,
              "new_highlights": 48817,
              "notes": 99261,
              "reading_steps": 11139,
              "task_plans": 40518,
            },
          },
          Object {
            "ends_at": 1571832000000,
            "id": 14,
            "starts_at": 1571227200000,
            "stats": Object {
              "active_courses": 4802,
              "active_populated_courses": 8490,
              "active_students": 56564,
              "exercise_steps": 76509,
              "highlights": 44032,
              "new_enrollments": 26591,
              "new_highlights": 60469,
              "notes": 40335,
              "reading_steps": 43821,
              "task_plans": 18109,
            },
          },
          Object {
            "ends_at": 1571832000000,
            "id": 15,
            "starts_at": 1571227200000,
            "stats": Object {
              "active_courses": 47746,
              "active_populated_courses": 75071,
              "active_students": 92757,
              "exercise_steps": 33706,
              "highlights": 58267,
              "new_enrollments": 5661,
              "new_highlights": 17151,
              "notes": 88134,
              "reading_steps": 81484,
              "task_plans": 58404,
            },
          },
          Object {
            "ends_at": 1571832000000,
            "id": 16,
            "starts_at": 1571227200000,
            "stats": Object {
              "active_courses": 44064,
              "active_populated_courses": 82150,
              "active_students": 85938,
              "exercise_steps": 7914,
              "highlights": 57406,
              "new_enrollments": 20587,
              "new_highlights": 68384,
              "notes": 15703,
              "reading_steps": 75164,
              "task_plans": 33861,
            },
          },
          Object {
            "ends_at": 1571832000000,
            "id": 17,
            "starts_at": 1571227200000,
            "stats": Object {
              "active_courses": 7962,
              "active_populated_courses": 39937,
              "active_students": 13841,
              "exercise_steps": 8178,
              "highlights": 90987,
              "new_enrollments": 69856,
              "new_highlights": 48539,
              "notes": 61643,
              "reading_steps": 12863,
              "task_plans": 92447,
            },
          },
          Object {
            "ends_at": 1571832000000,
            "id": 18,
            "starts_at": 1571227200000,
            "stats": Object {
              "active_courses": 43310,
              "active_populated_courses": 81164,
              "active_students": 20139,
              "exercise_steps": 12224,
              "highlights": 42430,
              "new_enrollments": 49574,
              "new_highlights": 49433,
              "notes": 8156,
              "reading_steps": 56221,
              "task_plans": 86910,
            },
          },
          Object {
            "ends_at": 1571832000000,
            "id": 19,
            "starts_at": 1571227200000,
            "stats": Object {
              "active_courses": 84127,
              "active_populated_courses": 93193,
              "active_students": 55159,
              "exercise_steps": 742,
              "highlights": 46798,
              "new_enrollments": 46268,
              "new_highlights": 65552,
              "notes": 37072,
              "reading_steps": 80793,
              "task_plans": 92212,
            },
          },
          Object {
            "ends_at": 1571832000000,
            "id": 20,
            "starts_at": 1571227200000,
            "stats": Object {
              "active_courses": 28821,
              "active_populated_courses": 66838,
              "active_students": 37898,
              "exercise_steps": 71775,
              "highlights": 58217,
              "new_enrollments": 69073,
              "new_highlights": 26398,
              "notes": 56501,
              "reading_steps": 20609,
              "task_plans": 42391,
            },
          },
        ],
      }
    }
  />
</ForwardRef>
`;
