// Jest Snapshot v1, https://goo.gl/fbAQLP

exports[`Html Content Tasks Screen matches snapshot 1`] = `
.c1 {
  display: -webkit-box;
  display: -webkit-flex;
  display: -ms-flexbox;
  display: flex;
  -webkit-flex-direction: column;
  -ms-flex-direction: column;
  flex-direction: column;
  -webkit-flex: 1 1 auto;
  -ms-flex: 1 1 auto;
  flex: 1 1 auto;
  min-height: 400px;
  border-radius: 0.25rem;
  margin: 0 auto 5rem auto;
  border: 1px solid #e4e4e4;
  border-radius: 0.25rem;
  background-color: white;
}

.c0 {
  padding: 2rem;
}

.reading-step .c3 {
  padding: 0;
}

.c3.c3.c3 .openstax-has-html .frame-wrapper {
  min-width: 100%;
  margin: 20px 0;
}

.c3.c3.c3 .openstax-has-html .splash .frame-wrapper {
  margin-top: 0;
}

.c4 {
  -webkit-align-self: flex-end;
  -ms-flex-item-align: end;
  align-self: flex-end;
  margin: 4rem;
  float: right;
}

.c2 iframe {
  max-width: 100%;
}

@media (min-width:1000px) {
  .c1 {
    max-width: 1000px;
    min-width: 750px;
  }
}

@media (min-width:1600px) {
  .c1 {
    min-width: 1000px;
  }
}

@media (max-width:999px) {
  .c0 {
    padding: 0;
  }
}

@media (min-width:601px) and (max-width:999px) {
  .c3 {
    padding: 25px 30px 140px;
  }
}

@media (max-width:600px) {
  .c3 {
    padding: 10px 25px 20px;
  }

  .exercise-step .c3 {
    padding: 8px;
  }

  .c3.c3 .question-feedback {
    margin-left: 0;
  }

  .c3.c3 .question-feedback .arrow {
    margin-left: 12px;
  }
}

@media (min-width:1000px) {
  .video-step .c3 .openstax-exercise-badges,
  .interactive-step .c3 .openstax-exercise-badges {
    margin-right: 3.8rem;
  }
}

@media (max-width:600px) {
  .c3 .openstax-exercise-badges svg {
    margin-right: 8px;
  }
}

<div
  className="openstax-debug-content"
>
  <div
    data-purpose="tour-conductor-wrapper"
  >
    <div>
      <div
        className="c0"
        data-appearance="college_physics"
      >
        <div
          className="c1 c2 interactive-step"
        >
          <div
            className="c3"
          >
            <div
              className="openstax-exercise-badges"
            >
              <span
                className="interactive"
              >
                <svg
                  className="icon interactive"
                  version="1.1"
                  viewBox="0 0 53.23 53.21"
                  xmlns="http://www.w3.org/2000/svg"
                >
                  <g
                    data-name="Layer 2"
                    id="Layer_2"
                  >
                    <g
                      data-name="Layer 1"
                      id="Layer_1-2"
                    >
                      <path
                        d="M48.86,0H11.37A4.34,4.34,0,0,0,7,4.35V41.6A4.34,4.34,0,0,0,11.37,46H48.86a4.34,4.34,0,0,0,4.35-4.35V4.35A4.19,4.19,0,0,0,48.86,0Zm1,40.88a1.65,1.65,0,0,1-1.69,1.69H11.85a1.65,1.65,0,0,1-1.69-1.69V5.32a1.65,1.65,0,0,1,1.69-1.69H48.14a1.65,1.65,0,0,1,1.69,1.69Z"
                        style={
                          Object {
                            "fill": "#222e65",
                          }
                        }
                      />
                      <path
                        d="M48.14,3.63H11.85a1.65,1.65,0,0,0-1.69,1.69V40.88a1.65,1.65,0,0,0,1.69,1.69H48.14a1.65,1.65,0,0,0,1.69-1.69V5.32A1.65,1.65,0,0,0,48.14,3.63ZM23.46,35.32V10.88L41.12,23.22Z"
                        style={
                          Object {
                            "fill": "none",
                          }
                        }
                      />
                      <path
                        d="M3.39,47.65V18.78a1.61,1.61,0,0,0-1.61-1.61H1.61A1.61,1.61,0,0,0,0,18.78V48.86a4.35,4.35,0,0,0,4.35,4.35H33.47a1.61,1.61,0,0,0,1.61-1.61v-.41a1.61,1.61,0,0,0-1.61-1.61H5.32A1.94,1.94,0,0,1,3.39,47.65Z"
                        style={
                          Object {
                            "fill": "#222e65",
                          }
                        }
                      />
                      <path
                        d="M26,33.59,39.2,24.53a1.61,1.61,0,0,0,0-2.64L26,12.65A1.61,1.61,0,0,0,23.46,14v18.3A1.61,1.61,0,0,0,26,33.59Z"
                        style={
                          Object {
                            "fill": "#15c0dc",
                          }
                        }
                      />
                    </g>
                  </g>
                </svg>
                <span>
                  Interactive
                </span>
              </span>
            </div>
            <div
              dangerouslySetInnerHTML={
                Object {
                  "__html": "<span class=\\"os-text\\">Physics: An Introduction</span> </h2> <div class=\\"os-figure\\"> <figure id=\\"import-auto-id1580373\\"><span data-alt=\\"Two Canada geese flying close to each other in the sky.\\" data-type=\\"media\\" id=\\"import-auto-id1936836\\"><img alt=\\"Two Canada geese flying close to each other in the sky.\\" <div class=\\"os-caption-container\\"> <span class=\\"os-title-label\\">Figure </span><span class=\\"os-number\\">1.15</span><span class=\\"os-divider\\"> </span><span class=\\"os-caption\\"> <a class=\\"os-interactive-link\\" href=\\"https://www.openstaxcollege.org/l/02equation_grapher\\"> Click here for the simulation. </a> </span> </div> </div> </div></div> </div>",
                }
              }
            />
            <button
              className="c4 continue btn btn-primary btn-lg"
              disabled={false}
              onClick={[Function]}
              type="button"
            >
              Continue
            </button>
          </div>
        </div>
      </div>
    </div>
    <div
      className="visible-when-debugging"
    >
      <div
        className="tour-spy-info"
      >
        available regions: []; region tour ids: []; audience tags: []; tour tags: []; eligible tours: []; TOUR RIDE: &lt;none&gt;
      </div>
    </div>
  </div>
  <a
    aria-hidden="true"
    className="debug-toggle-link"
    href="#spy"
    onClick={[Function]}
    tabIndex={-1}
  >
    Ï€
  </a>
</div>
`;
