// Jest Snapshot v1, https://goo.gl/fbAQLP

exports[`Question Component renders and matches snapshot 1`] = `
<div
  className="openstax-question"
>
  <div
    className="question-stem"
    dangerouslySetInnerHTML={
      Object {
        "__html": "What conditions imply that we can use classical physics without considering special relativity or quantum mechanics?",
      }
    }
  />
  <div
    className="answers-table"
  >
    <div
      className="openstax-answer"
    >
      <section
        className="answers-answer disabled"
        role="region"
      >
        <div
          className="correct-incorrect"
        />
        <label
          className="answer-label"
          htmlFor="1-option-0"
          onKeyPress={[Function]}
        >
          <button
            aria-label="Choice a:"
            className="answer-letter"
            data-test-id="answer-choice-a"
            disabled={true}
          >
            a
          </button>
          <div
            className="answer-answer"
          >
            <div
              className="answer-content"
              dangerouslySetInnerHTML={
                Object {
                  "__html": "<ol>
  <li>matter is moving at speeds of less than roughly 1% the speed of light,</li>
  <li>objects are too small to be seen with the naked eye, and</li>
  <li>there is the involvement of only a weak gravitational field</li>
</ol>
",
                }
              }
            />
          </div>
        </label>
      </section>
    </div>
    <div
      className="openstax-answer"
    >
      <section
        className="answers-answer disabled"
        role="region"
      >
        <div
          className="correct-incorrect"
        />
        <label
          className="answer-label"
          htmlFor="1-option-1"
          onKeyPress={[Function]}
        >
          <button
            aria-label="Choice b:"
            className="answer-letter"
            data-test-id="answer-choice-b"
            disabled={true}
          >
            b
          </button>
          <div
            className="answer-answer"
          >
            <div
              className="answer-content"
              dangerouslySetInnerHTML={
                Object {
                  "__html": "<ol>
  <li>matter is moving at speeds greater than roughly 1% the speed of light,</li>
  <li>objects are large enough to be seen with the naked eye, and</li>
  <li>there is the involvement of a strong gravitational field</li>
</ol>
",
                }
              }
            />
          </div>
        </label>
      </section>
    </div>
    <div
      className="openstax-answer"
    >
      <section
        className="answers-answer disabled"
        role="region"
      >
        <div
          className="correct-incorrect"
        />
        <label
          className="answer-label"
          htmlFor="1-option-2"
          onKeyPress={[Function]}
        >
          <button
            aria-label="Choice c:"
            className="answer-letter"
            data-test-id="answer-choice-c"
            disabled={true}
          >
            c
          </button>
          <div
            className="answer-answer"
          >
            <div
              className="answer-content"
              dangerouslySetInnerHTML={
                Object {
                  "__html": "<ol>
  <li>matter is moving at speeds of less than roughly 1% the speed of light,</li>
  <li>objects are large enough to be seen with the naked eye, and</li>
  <li>there is the involvement of a strong gravitational field</li>
</ol>
",
                }
              }
            />
          </div>
        </label>
      </section>
    </div>
  </div>
  <div
    className="detailed-solution"
  >
    <div
      className="header"
    >
      Detailed solution
    </div>
    <div
      className="solution"
      dangerouslySetInnerHTML={
        Object {
          "__html": "four",
        }
      }
    />
  </div>
</div>
`;
