// Jest Snapshot v1, https://goo.gl/fbAQLP

exports[`Free trial ended modal renders and matches snapshot 1`] = `
<div
  className="openstax-debug-content"
>
  <div
    data-purpose="tour-conductor-wrapper"
  >
    <div>
      <div
        className="onboarding-nag free-trial-ended"
      >
        <div
          className="heading"
        >
          Your free trial for 
          College Physics
           has ended
        </div>
        <div
          className="body"
        >
          <p>
            To continue accessing your course, click the button below to pay your one-time 
            $10
             fee for the semester.
          </p>
        </div>
        <div
          className="footer"
        >
          <button
            className="btn btn-primary"
            disabled={false}
            onClick={[Function]}
            type="button"
          >
            Buy access now
          </button>
        </div>
      </div>
    </div>
    <div
      className="visible-when-debugging"
    >
      <div
        className="tour-spy-info"
      >
        available regions: []; region tour ids: []; audience tags: []; tour tags: []; eligible tours: []; TOUR RIDE: &lt;none&gt;
      </div>
    </div>
  </div>
  <a
    aria-hidden="true"
    className="debug-toggle-link"
    href="#spy"
    onClick={[Function]}
    tabIndex={-1}
  >
    Ï€
  </a>
</div>
`;
