// Jest Snapshot v1, https://goo.gl/fbAQLP

exports[`pay now or later modal renders and matches snapshot 1`] = `
<div
  className="openstax-debug-content"
>
  <div
    data-purpose="tour-conductor-wrapper"
  >
    <div>
      <div
        className="onboarding-nag pay-now-or-later"
      >
        <div
          className="body"
        >
          <button
            className="now btn btn-primary"
            disabled={false}
            onClick={[Function]}
            type="button"
          >
            Buy access now
          </button>
          <p>
            You may pay with a credit/debit card or enter a pre-purchased access code
          </p>
          <div
            className="or"
          >
            or
          </div>
          <button
            className="secondary btn btn-primary"
            disabled={false}
            onClick={[Function]}
            type="button"
          >
            Try free for 14 days
          </button>
          <p>
            You can enter payment info anytime
          </p>
        </div>
      </div>
    </div>
    <div
      className="visible-when-debugging"
    >
      <div
        className="tour-spy-info"
      >
        available regions: []; region tour ids: []; audience tags: []; tour tags: []; eligible tours: []; TOUR RIDE: &lt;none&gt;
      </div>
    </div>
  </div>
  <a
    aria-hidden="true"
    className="debug-toggle-link"
    href="#spy"
    onClick={[Function]}
    tabIndex={-1}
  >
    Ï€
  </a>
</div>
`;
