// Jest Snapshot v1, https://goo.gl/fbAQLP

exports[`Redeem Code renders and matches snapshot 1`] = `
.c1 {
  display: -webkit-box;
  display: -webkit-flex;
  display: -ms-flexbox;
  display: flex;
  box-sizing: border-box;
  outline: none;
  max-width: 100%;
}

.c0 input {
  width: 130px;
  padding: 0 16px;
  height: 48px;
  border-width: 1px;
  border-style: solid;
}

.c0 input:first-child {
  width: 70px;
}

.c0 .has-errors input {
  background: #F8E8EA;
  border-color: #E298A0;
  color: #C22032;
}

.c0 .error-message {
  text-align: left;
  color: #C22032;
  font-size: 1.4rem;
}

.c0 h6,
.c0 p {
  margin: 0 !important;
}

.c0 .btn.btn-primary {
  max-width: 120px;
}

.c2 {
  margin: 20px 15px 50px;
}

.c3 {
  font-size: 1.4rem;
  width: 376px;
}

.c3 h6 {
  font-weight: bold;
}

.c3 p {
  min-width: 100%;
}

.c3 a {
  -webkit-text-decoration: underline;
  text-decoration: underline;
}

@media (min-width:1000px) {
  .c2 > *:not(:last-child) {
    margin-right: 16px;
  }
}

@media (max-width:600px) {
  .c2 {
    -webkit-flex-direction: column;
    -ms-flex-direction: column;
    flex-direction: column;
    -webkit-box-pack: center;
    -webkit-justify-content: center;
    -ms-flex-pack: center;
    justify-content: center;
  }

  .c2 .error-message {
    text-align: center;
  }

  .c2 .btn.btn-primary {
    margin-top: 1.6rem;
    max-width: 216px;
    -webkit-align-self: center;
    -ms-flex-item-align: center;
    align-self: center;
  }
}

<div
  className="openstax-debug-content"
>
  <div
    data-purpose="tour-conductor-wrapper"
  >
    <div>
      <div
        className="onboarding-nag redeem-code"
      >
        <div
          className="body"
        >
          <div
            className="c0"
          >
            <h5>
              Enter your pre-purchased access code below.
            </h5>
            <a
              aria-label="You can purchase access codes at your institution’s bookstore. Check with your bookstore for availability."
              href="#"
              onBlur={[Function]}
              onFocus={[Function]}
              onMouseOut={[Function]}
              onMouseOver={[Function]}
            >
              Where to find the access code?
            </a>
            <div
              className="c1 c2"
            >
              <div
                className=""
              >
                <input
                  autoFocus={true}
                  data-test-id="payment-code-prefix"
                  maxLength={999}
                  minLength={1}
                  onChange={[Function]}
                  placeholder="OST"
                  required={true}
                  type="input"
                />
                <span>
                   - 
                </span>
                <input
                  data-test-id="payment-code-post"
                  maxLength={10}
                  minLength={10}
                  onChange={[Function]}
                  placeholder="100234ABCD"
                  required={true}
                  type="input"
                />
                <div
                  className="error-message"
                >
                  
                </div>
              </div>
              <button
                className="btn btn-primary"
                disabled={true}
                onClick={[Function]}
                type="button"
              >
                Redeem
              </button>
            </div>
            <div
              className="c3"
            >
              <h6>
                Once redeemed, this access code is non-refundable.
              </h6>
              <p>
                If you’re unsure about enrolling in this class, we recommend taking advantage of our 
                <a
                  href="#"
                  onClick={[Function]}
                >
                  14-day free trial period
                </a>
                .
              </p>
            </div>
          </div>
        </div>
      </div>
    </div>
    <div
      className="visible-when-debugging"
    >
      <div
        className="tour-spy-info"
      >
        available regions: []; region tour ids: []; audience tags: []; tour tags: []; eligible tours: []; TOUR RIDE: &lt;none&gt;
      </div>
    </div>
  </div>
  <a
    aria-hidden="true"
    className="debug-toggle-link"
    href="#spy"
    onClick={[Function]}
    tabIndex={-1}
  >
    π
  </a>
</div>
`;
