// Jest Snapshot v1, https://goo.gl/fbAQLP

exports[`Notes Summary Popup matches snapshot 1`] = `
.c0 {
  margin-right: 0.5rem;
  margin-left: 0.5rem;
}

.c2 {
  font-weight: 700;
  color: #424242;
}

.c1 {
  display: inline-block;
}

.c1 .os-number {
  font-weight: normal;
}

.c1 .os-number .os-part-text {
  font-weight: normal;
}

.c1 .chapter-section {
  font-weight: normal;
  margin-right: 0.5rem;
}

.c1 .label {
  margin-right: 0.5rem;
}

<div>
  <button
    className="modal-action btn btn-link"
    disabled={false}
    onClick={[Function]}
    type="button"
  >
    <svg
      aria-hidden="true"
      className="svg-inline--fa fa-print fa-w-16 c0 ox-icon ox-icon-print"
      data-icon="print"
      data-prefix="fas"
      focusable="false"
      role="img"
      style={Object {}}
      viewBox="0 0 512 512"
      xmlns="http://www.w3.org/2000/svg"
    >
      <path
        d="M448 192V77.25c0-8.49-3.37-16.62-9.37-22.63L393.37 9.37c-6-6-14.14-9.37-22.63-9.37H96C78.33 0 64 14.33 64 32v160c-35.35 0-64 28.65-64 64v112c0 8.84 7.16 16 16 16h48v96c0 17.67 14.33 32 32 32h320c17.67 0 32-14.33 32-32v-96h48c8.84 0 16-7.16 16-16V256c0-35.35-28.65-64-64-64zm-64 256H128v-96h256v96zm0-224H128V64h192v48c0 8.84 7.16 16 16 16h48v96zm48 72c-13.25 0-24-10.75-24-24 0-13.26 10.75-24 24-24s24 10.74 24 24c0 13.25-10.75 24-24 24z"
        fill="currentColor"
        style={Object {}}
      />
    </svg>
  </button>
  <div
    data-mocked-popout={true}
  >
    <div
      className="summary-preview summary-popup"
    >
      <div
        className="notes"
      >
        <div
          className="section"
        >
          <div
            className="c1 book-part-title"
            style={
              Object {
                "fontSize": "150%",
                "marginBottom": "1rem",
              }
            }
          >
            <span
              className="c2 chapter-section"
              data-chapter-section="5.4"
            >
              5.4
            </span>
            <span
              dangerouslySetInnerHTML={
                Object {
                  "__html": "modular",
                }
              }
              data-test-id="book-title"
              data-title="modular"
            />
          </div>
          <div
            style={
              Object {
                "marginBottom": "2rem",
              }
            }
          >
            <blockquote
              style={
                Object {
                  "borderLeft": "2px solid lightgrey",
                  "fontStyle": "italic",
                  "margin": "0 0 1rem 0.5rem",
                  "paddingLeft": "0.5rem",
                }
              }
            >
              <div
                dangerouslySetInnerHTML={
                  Object {
                    "__html": "“physics”? Did you imagine ",
                  }
                }
              />
            </blockquote>
            <p
              style={
                Object {
                  "marginLeft": "0.5rem",
                }
              }
            >
              This is a comment added by user
            </p>
          </div>
        </div>
      </div>
    </div>
  </div>
</div>
`;
