// Jest Snapshot v1, https://goo.gl/fbAQLP

exports[`Template Modal renders and matches snapshot 1`] = `
<Memo(wrappedComponent)
  templateType="neutral"
/>
`;
