// Jest Snapshot v1, https://goo.gl/fbAQLP

exports[`Student Navbar Component has actions menu that matches snapshot 1`] = `
.c0 {
  margin-right: 0.5rem;
  margin-left: 0.5rem;
}

<div
  className="actions-menu dropdown"
  onKeyDown={[Function]}
>
  <button
    aria-expanded={false}
    aria-haspopup={true}
    aria-label="Menu and settings"
    className="dropdown-toggle btn btn-ox"
    disabled={false}
    id="actions-menu"
    onClick={[Function]}
    type="button"
  >
    <svg
      aria-hidden="true"
      className="svg-inline--fa fa-bars fa-w-14 ox-icon ox-icon-bars c0"
      data-icon="bars"
      data-prefix="fas"
      focusable="false"
      role="img"
      style={Object {}}
      viewBox="0 0 448 512"
      xmlns="http://www.w3.org/2000/svg"
    >
      <path
        d="M16 132h416c8.837 0 16-7.163 16-16V76c0-8.837-7.163-16-16-16H16C7.163 60 0 67.163 0 76v40c0 8.837 7.163 16 16 16zm0 160h416c8.837 0 16-7.163 16-16v-40c0-8.837-7.163-16-16-16H16c-8.837 0-16 7.163-16 16v40c0 8.837 7.163 16 16 16zm0 160h416c8.837 0 16-7.163 16-16v-40c0-8.837-7.163-16-16-16H16c-8.837 0-16 7.163-16 16v40c0 8.837 7.163 16 16 16z"
        fill="currentColor"
        style={Object {}}
      />
    </svg>
    <span
      className="control-label"
      title="Menu and settings"
    >
      Menu
    </span>
    <svg
      aria-hidden="true"
      className="svg-inline--fa fa-chevron-down fa-w-14 ox-icon ox-icon-chevron-down toggle c0"
      data-icon="chevron-down"
      data-prefix="fas"
      focusable="false"
      role="img"
      style={Object {}}
      viewBox="0 0 448 512"
      xmlns="http://www.w3.org/2000/svg"
    >
      <path
        d="M207.029 381.476L12.686 187.132c-9.373-9.373-9.373-24.569 0-33.941l22.667-22.667c9.357-9.357 24.522-9.375 33.901-.04L224 284.505l154.745-154.021c9.379-9.335 24.544-9.317 33.901.04l22.667 22.667c9.373 9.373 9.373 24.569 0 33.941L240.971 381.476c-9.373 9.372-24.569 9.372-33.942 0z"
        fill="currentColor"
        style={Object {}}
      />
    </svg>
  </button>
</div>
`;

exports[`Teacher Navbar Component has actions menu that matches snapshot 1`] = `
.c0 {
  margin-right: 0.5rem;
  margin-left: 0.5rem;
}

<div
  className="actions-menu dropdown"
  onKeyDown={[Function]}
>
  <button
    aria-expanded={false}
    aria-haspopup={true}
    aria-label="Menu and settings"
    className="dropdown-toggle btn btn-ox"
    disabled={false}
    id="actions-menu"
    onClick={[Function]}
    type="button"
  >
    <svg
      aria-hidden="true"
      className="svg-inline--fa fa-bars fa-w-14 ox-icon ox-icon-bars c0"
      data-icon="bars"
      data-prefix="fas"
      focusable="false"
      role="img"
      style={Object {}}
      viewBox="0 0 448 512"
      xmlns="http://www.w3.org/2000/svg"
    >
      <path
        d="M16 132h416c8.837 0 16-7.163 16-16V76c0-8.837-7.163-16-16-16H16C7.163 60 0 67.163 0 76v40c0 8.837 7.163 16 16 16zm0 160h416c8.837 0 16-7.163 16-16v-40c0-8.837-7.163-16-16-16H16c-8.837 0-16 7.163-16 16v40c0 8.837 7.163 16 16 16zm0 160h416c8.837 0 16-7.163 16-16v-40c0-8.837-7.163-16-16-16H16c-8.837 0-16 7.163-16 16v40c0 8.837 7.163 16 16 16z"
        fill="currentColor"
        style={Object {}}
      />
    </svg>
    <span
      className="control-label"
      title="Menu and settings"
    >
      Menu
    </span>
    <svg
      aria-hidden="true"
      className="svg-inline--fa fa-chevron-down fa-w-14 ox-icon ox-icon-chevron-down toggle c0"
      data-icon="chevron-down"
      data-prefix="fas"
      focusable="false"
      role="img"
      style={Object {}}
      viewBox="0 0 448 512"
      xmlns="http://www.w3.org/2000/svg"
    >
      <path
        d="M207.029 381.476L12.686 187.132c-9.373-9.373-9.373-24.569 0-33.941l22.667-22.667c9.357-9.357 24.522-9.375 33.901-.04L224 284.505l154.745-154.021c9.379-9.335 24.544-9.317 33.901.04l22.667 22.667c9.373 9.373 9.373 24.569 0 33.941L240.971 381.476c-9.373 9.372-24.569 9.372-33.942 0z"
        fill="currentColor"
        style={Object {}}
      />
    </svg>
  </button>
</div>
`;
