// Jest Snapshot v1, https://goo.gl/fbAQLP

exports[`Questions Dashboard Component matches snapshot 1`] = `
<div
  className="questions-dashboard"
>
  <div
    className="sections-chooser panel"
  >
    <div
      className="header"
    >
      <div
        className="wrapper"
      >
        <h2>
          Question Library
        </h2>
        <a
          className="btn btn-default"
          href="/course/1"
          onClick={[Function]}
        >
          Back to Dashboard
        </a>
      </div>
    </div>
    <div
      className="sections-list"
      data-tour-region-id="question-library-sections-chooser"
    >
      <div
        className="sections-chooser"
      >
        <div
          className="panel-group"
          role="tablist"
        >
          <div
            className="panel panel-default"
            id={null}
          >
            <div
              className="panel-heading"
            >
              <div
                className="chapter-heading panel-title"
                data-chapter-section={1}
              >
                <a
                  aria-controls={undefined}
                  aria-expanded={true}
                  aria-selected={true}
                  className={null}
                  href={undefined}
                  onClick={[Function]}
                  role="tab"
                >
                  <span
                    className="chapter-checkbox"
                  >
                    <span
                      className="tri-state-checkbox unchecked"
                      onClick={[Function]}
                      tabIndex={1}
                    >
                      <i
                        className="tutor-icon fa fa-square-o clickable"
                        onClick={[Function]}
                        role="button"
                        style={
                          Object {
                            "cursor": "pointer",
                          }
                        }
                        type="square-o"
                      />
                    </span>
                  </span>
                  <span
                    className="chapter-number"
                  >
                    Chapter 
                    <span
                      className="chapter-section"
                      data-chapter-section="1"
                    >
                      1
                    </span>
                     - 
                  </span>
                  <span
                    className="chapter-title"
                  >
                     
                    Kinematics
                     
                  </span>
                  <div
                    className="browse-the-book"
                    onClick={[Function]}
                    role="link"
                  >
                    Browse this Chapter
                  </div>
                </a>
              </div>
            </div>
            <div
              aria-expanded={null}
              aria-hidden={false}
              className="panel-collapse collapse in"
              id={undefined}
              role="tabpanel"
            >
              <div
                className="panel-body"
              >
                <div
                  className="section"
                  data-page-id="234"
                  onClick={[Function]}
                >
                  <span
                    className="section-checkbox"
                  >
                    <input
                      checked={false}
                      readOnly={true}
                      type="checkbox"
                    />
                  </span>
                  <span
                    className="chapter-section"
                    data-chapter-section="1.1"
                  >
                    1.1
                  </span>
                  <span
                    className="section-title"
                  >
                     
                    Kinematics in 1 dim
                  </span>
                </div>
                <div
                  className="section"
                  data-page-id="235"
                  onClick={[Function]}
                >
                  <span
                    className="section-checkbox"
                  >
                    <input
                      checked={false}
                      readOnly={true}
                      type="checkbox"
                    />
                  </span>
                  <span
                    className="chapter-section"
                    data-chapter-section="1.2"
                  >
                    1.2
                  </span>
                  <span
                    className="section-title"
                  >
                     
                    Kinematics in 2 dim
                  </span>
                </div>
                <div
                  className="section"
                  data-page-id="236"
                  onClick={[Function]}
                >
                  <span
                    className="section-checkbox"
                  >
                    <input
                      checked={false}
                      readOnly={true}
                      type="checkbox"
                    />
                  </span>
                  <span
                    className="chapter-section"
                    data-chapter-section="1.3"
                  >
                    1.3
                  </span>
                  <span
                    className="section-title"
                  >
                     
                    Kinematics in 3 dim
                  </span>
                </div>
              </div>
            </div>
          </div>
        </div>
        <div
          className="panel-group"
          role="tablist"
        >
          <div
            className="panel panel-default"
            id={null}
          >
            <div
              className="panel-heading"
            >
              <div
                className="chapter-heading panel-title"
                data-chapter-section={2}
              >
                <a
                  aria-controls={undefined}
                  aria-expanded={false}
                  aria-selected={false}
                  className="collapsed"
                  href={undefined}
                  onClick={[Function]}
                  role="tab"
                >
                  <span
                    className="chapter-checkbox"
                  >
                    <span
                      className="tri-state-checkbox unchecked"
                      onClick={[Function]}
                      tabIndex={1}
                    >
                      <i
                        className="tutor-icon fa fa-square-o clickable"
                        onClick={[Function]}
                        role="button"
                        style={
                          Object {
                            "cursor": "pointer",
                          }
                        }
                        type="square-o"
                      />
                    </span>
                  </span>
                  <span
                    className="chapter-number"
                  >
                    Chapter 
                    <span
                      className="chapter-section"
                      data-chapter-section="2"
                    >
                      2
                    </span>
                     - 
                  </span>
                  <span
                    className="chapter-title"
                  >
                     
                    Mechanics
                     
                  </span>
                  <div
                    className="browse-the-book"
                    onClick={[Function]}
                    role="link"
                  >
                    Browse this Chapter
                  </div>
                </a>
              </div>
            </div>
            <div
              aria-expanded={null}
              aria-hidden={true}
              className="panel-collapse collapse"
              id={undefined}
              role="tabpanel"
            >
              <div
                className="panel-body"
              >
                <div
                  className="section"
                  data-page-id="237"
                  onClick={[Function]}
                >
                  <span
                    className="section-checkbox"
                  >
                    <input
                      checked={false}
                      readOnly={true}
                      type="checkbox"
                    />
                  </span>
                  <span
                    className="chapter-section"
                    data-chapter-section="2.1"
                  >
                    2.1
                  </span>
                  <span
                    className="section-title"
                  >
                     
                    Mechanics in 1 dim
                  </span>
                </div>
                <div
                  className="section"
                  data-page-id="238"
                  onClick={[Function]}
                >
                  <span
                    className="section-checkbox"
                  >
                    <input
                      checked={false}
                      readOnly={true}
                      type="checkbox"
                    />
                  </span>
                  <span
                    className="chapter-section"
                    data-chapter-section="2.2"
                  >
                    2.2
                  </span>
                  <span
                    className="section-title"
                  >
                     
                    Mechanics in 2 dim
                  </span>
                </div>
                <div
                  className="section"
                  data-page-id="239"
                  onClick={[Function]}
                >
                  <span
                    className="section-checkbox"
                  >
                    <input
                      checked={false}
                      readOnly={true}
                      type="checkbox"
                    />
                  </span>
                  <span
                    className="chapter-section"
                    data-chapter-section="2.3"
                  >
                    2.3
                  </span>
                  <span
                    className="section-title"
                  >
                     
                    Mechanics in 3 dim
                  </span>
                </div>
              </div>
            </div>
          </div>
        </div>
        <div
          className="panel-group"
          role="tablist"
        >
          <div
            className="panel panel-default"
            id={null}
          >
            <div
              className="panel-heading"
            >
              <div
                className="chapter-heading panel-title"
                data-chapter-section={3}
              >
                <a
                  aria-controls={undefined}
                  aria-expanded={false}
                  aria-selected={false}
                  className="collapsed"
                  href={undefined}
                  onClick={[Function]}
                  role="tab"
                >
                  <span
                    className="chapter-checkbox"
                  >
                    <span
                      className="tri-state-checkbox unchecked"
                      onClick={[Function]}
                      tabIndex={1}
                    >
                      <i
                        className="tutor-icon fa fa-square-o clickable"
                        onClick={[Function]}
                        role="button"
                        style={
                          Object {
                            "cursor": "pointer",
                          }
                        }
                        type="square-o"
                      />
                    </span>
                  </span>
                  <span
                    className="chapter-number"
                  >
                    Chapter 
                    <span
                      className="chapter-section"
                      data-chapter-section="3"
                    >
                      3
                    </span>
                     - 
                  </span>
                  <span
                    className="chapter-title"
                  >
                     
                    Thermodynamics
                     
                  </span>
                  <div
                    className="browse-the-book"
                    onClick={[Function]}
                    role="link"
                  >
                    Browse this Chapter
                  </div>
                </a>
              </div>
            </div>
            <div
              aria-expanded={null}
              aria-hidden={true}
              className="panel-collapse collapse"
              id={undefined}
              role="tabpanel"
            >
              <div
                className="panel-body"
              >
                <div
                  className="section"
                  data-page-id="240"
                  onClick={[Function]}
                >
                  <span
                    className="section-checkbox"
                  >
                    <input
                      checked={false}
                      readOnly={true}
                      type="checkbox"
                    />
                  </span>
                  <span
                    className="chapter-section"
                    data-chapter-section="3.1"
                  >
                    3.1
                  </span>
                  <span
                    className="section-title"
                  >
                     
                    Thermodynamics in 1 dim
                  </span>
                </div>
                <div
                  className="section"
                  data-page-id="241"
                  onClick={[Function]}
                >
                  <span
                    className="section-checkbox"
                  >
                    <input
                      checked={false}
                      readOnly={true}
                      type="checkbox"
                    />
                  </span>
                  <span
                    className="chapter-section"
                    data-chapter-section="3.2"
                  >
                    3.2
                  </span>
                  <span
                    className="section-title"
                  >
                     
                    Thermodynamics in 2 dim
                  </span>
                </div>
                <div
                  className="section"
                  data-page-id="242"
                  onClick={[Function]}
                >
                  <span
                    className="section-checkbox"
                  >
                    <input
                      checked={false}
                      readOnly={true}
                      type="checkbox"
                    />
                  </span>
                  <span
                    className="chapter-section"
                    data-chapter-section="3.2"
                  >
                    3.2
                  </span>
                  <span
                    className="section-title"
                  >
                     
                    Thermodynamics in 3 dim
                  </span>
                </div>
              </div>
            </div>
          </div>
        </div>
      </div>
    </div>
    <div
      className="section-controls panel-footer"
    >
      <div
        className="wrapper"
      >
        <button
          className="btn btn-primary"
          disabled={true}
          onClick={[Function]}
          type="button"
        >
          Show Questions
        </button>
        <button
          className="btn btn-default"
          disabled={false}
          onClick={[Function]}
          type="button"
        >
          Cancel
        </button>
      </div>
    </div>
  </div>
</div>
`;
