// Jest Snapshot v1, https://goo.gl/fbAQLP

exports[`Homework ExerciseTaskHeader Component matches snapshot 1`] = `<ForwardRef />`;
